// Jest Snapshot v1, https://goo.gl/fbAQLP

exports[`MbBox.vue matches the snapshot 1`] = `<div class="bg-elevatedSurface text-primary rounded-md shadow-md p-4"></div>`;
