// Jest Snapshot v1, https://goo.gl/fbAQLP

exports[`MbHeading.vue matches the snapshot 1`] = `<h1 class="font-bold text-2xl"></h1>`;

exports[`MbHeading.vue matches the snapshot 2`] = `<h1 class="font-bold text-2xl"></h1>`;

exports[`MbHeading.vue matches the snapshot 3`] = `<h2 class="font-bold text-accent text-xl"></h2>`;

exports[`MbHeading.vue matches the snapshot 4`] = `<h3 class="font-bold text-primary text-lg"></h3>`;

exports[`MbHeading.vue matches the snapshot 5`] = `<h4 class="font-bold text-secondary text-base"></h4>`;
